// Jest Snapshot v1, https://goo.gl/fbAQLP

exports[`Normal flow 1`] = `
"<?xml version=\\"1.0\\" encoding=\\"utf-8\\"?>
<browserconfig>
    <msapplication>
        <tile>
            <square70x70logo src=\\"/images/mstile-70x70.png\\"/>
            <square150x150logo src=\\"/images/mstile-150x150.png?id=5db8be17609750169201\\"/>
            <wide310x150logo src=\\"/images/mstile-310x150.png\\"/>
            <square310x310logo src=\\"/images/mstile-310x310.png\\"/>
            <TileColor>#70ba84</TileColor>
        </tile>
    </msapplication>
    <msapplication>
        <tile>
            <square70x70logo src=\\"/images/mstile-70x70.png\\"/>
            <square150x150logo src=\\"/images/mstile-150x150.png\\"/>
            <wide310x150logo src=\\"/images/mstile-310x150.png\\"/>
            <square310x310logo src=\\"/images/mstile-310x310.png\\"/>
            <TileColor>#471e7d</TileColor>
        </tile>
    </msapplication>
    <msapplication>
        <tile>
            <square70x70logo src=\\"/images/mstile-70x70.png\\"/>
            <square150x150logo src=\\"/images/mstile-150x150.png\\"/>
            <wide310x150logo src=\\"/images/mstile-310x150.png\\"/>
            <square310x310logo src=\\"/images/mstile-310x310.png?id=7b5572e4d23d5f53bf92\\"/>
            <TileColor>#ffffff</TileColor>
        </tile>
    </msapplication>
    <msapplication>
        <tile>
            <square70x70logo src=\\"/images/mstile-70x70.png\\"/>
            <square150x150logo src=\\"/images/mstile-150x150.png\\"/>
            <wide310x150logo src=\\"/images/mstile-310x150.png\\"/>
            <square310x310logo src=\\"/images/mstile-310x310.png\\"/>
            <TileColor>#ffffff</TileColor>
        </tile>
    </msapplication>
    <msapplication>
        <tile>
            <square70x70logo src=\\"/images/mstile-70x70.png\\"/>
            <square150x150logo src=\\"/images/mstile-150x150.png\\"/>
            <wide310x150logo src=\\"/images/mstile-310x150.png\\"/>
            <square310x310logo src=\\"/images/mstile-310x310.png\\"/>
            <TileColor>#e3bf86</TileColor>
        </tile>
    </msapplication>
    <msapplication>
        <tile>
            <square70x70logo src=\\"/images/mstile-70x70.png\\"/>
            <square150x150logo src=\\"/images/mstile-150x150.png?id=5db8be17609750169201\\"/>
            <wide310x150logo src=\\"/images/mstile-310x150.png\\"/>
            <square310x310logo src=\\"{{
            /images/mstile-310x310.png
            }}\\"/>
            <TileColor>#ffffff</TileColor>
        </tile>
    </msapplication>
</browserconfig>
"
`;
